File "", line 2, characters 2-5:
Error: This expression has type float but an expression was expected of type
         int
