File "", line 3, characters 7-9:
Error: This variant expression is expected to have type unit
       The constructor [] does not belong to type unit
